<area shape="rect" id="node3" href="$classCallInfo.html" title="Call information object." alt="" coords="155,5,219,33">
<area shape="rect" id="node5" href="$classCmdLineEdition.html" title="Command line edition objet." alt="" coords="131,55,243,83">
<area shape="rect" id="node7" href="$classCmdLineHistory.html" title="Command line history objet." alt="" coords="131,106,243,134">
<area shape="rect" id="node9" href="$classCommandLine.html" title="Command line parsing." alt="" coords="135,157,239,185">
<area shape="rect" id="node11" href="$classCommandLineIterator.html" title="Command line iteration." alt="" coords="115,207,259,235">
<area shape="rect" id="node13" href="$classElement.html" title="Generic CLI element." alt="" coords="152,258,221,286">
<area shape="rect" id="node51" href="$classIOEndl.html" title="End of line for input/output devices." alt="" coords="157,309,216,337">
<area shape="rect" id="node53" href="$classOutputDevice.html" title="Generic output device." alt="" coords="137,359,236,387">
<area shape="rect" id="node73" href="$classResourceString.html" title="ResourceString class." alt="" coords="132,410,241,438">
<area shape="rect" id="node77" href="$classShell.html" title="Shell management." alt="" coords="161,461,212,489">
<area shape="rect" id="node79" href="$classTelnetServer.html" title="Telnet server class." alt="" coords="141,511,232,539">
<area shape="rect" id="node81" href="$classTraceClass.html" title="Trace class object." alt="" coords="144,562,229,590">
<area shape="rect" id="node85" href="$classTraces.html" title="Traces service." alt="" coords="157,613,216,641">
<area shape="rect" id="node15" href="$classEndl.html" title="End of command line element." alt="" coords="363,113,411,141">
<area shape="rect" id="node17" href="$classMenuRef.html" title="Menu reference element." alt="" coords="351,163,423,191">
<area shape="rect" id="node19" href="$classSyntaxNode.html" title="Syntax node elements." alt="" coords="341,214,432,242">
<area shape="rect" id="node49" href="$classSyntaxRef.html" title="Syntax tag reference element." alt="" coords="347,265,427,293">
<area shape="rect" id="node21" href="$classKeyword.html" title="Keyword element class." alt="" coords="544,62,616,90">
<area shape="rect" id="node23" href="$classMenu.html" title="Menu definition." alt="" coords="553,113,607,141">
<area shape="rect" id="node31" href="$classParam.html" title="Base parameter class." alt="" coords="551,189,609,217">
<area shape="rect" id="node47" href="$classSyntaxTag.html" title="Syntax tag element class." alt="" coords="539,239,621,267">
<area shape="rect" id="node25" href="$classCli.html" title="CLI definition class." alt="" coords="739,11,776,39">
<area shape="rect" id="node27" href="$classConfigMenu.html" title="CLI configuration menu definition." alt="" coords="713,62,801,90">
<area shape="rect" id="node29" href="$classTracesMenu.html" title="Traces menu definition." alt="" coords="712,113,803,141">
<area shape="rect" id="node33" href="$classParamString.html" title="String parameter element class." alt="" coords="711,163,804,191">
<area shape="rect" id="node37" href="$classParamT.html" title="Template parameter class." alt="" coords="709,214,805,242">
<area shape="rect" id="node39" href="$classParamT.html" title="ParamT\&lt; double \&gt;" alt="" coords="693,265,821,293">
<area shape="rect" id="node43" href="$classParamT.html" title="ParamT\&lt; int \&gt;" alt="" coords="705,315,809,343">
<area shape="rect" id="node35" href="$classParamHost.html" title="Host names, IP adresses parameter element class." alt="" coords="871,163,956,191">
<area shape="rect" id="node41" href="$classParamFloat.html" title="Float parameter element class." alt="" coords="869,265,957,293">
<area shape="rect" id="node45" href="$classParamInt.html" title="Integer parameter element class." alt="" coords="877,315,949,343">
<area shape="rect" id="node55" href="$classIODevice.html" title="Generic input/output device." alt="" coords="351,353,423,381">
<area shape="rect" id="node69" href="$classOutputFileDevice.html" title="Output file device." alt="" coords="327,403,447,431">
<area shape="rect" id="node71" href="$classStringDevice.html" title="String device." alt="" coords="340,454,433,482">
<area shape="rect" id="node57" href="$classConsole.html" title="Console intput/output device class." alt="" coords="547,290,613,318">
<area shape="rect" id="node59" href="$classInputFileDevice.html" title="Input file device class." alt="" coords="527,341,633,369">
<area shape="rect" id="node61" href="$classIOMux.html" title="Input / output device multiplexer." alt="" coords="551,391,609,419">
<area shape="rect" id="node63" href="$classMonoThreadDevice.html" title="Mono&#45;Thread input device." alt="" coords="515,442,645,470">
<area shape="rect" id="node65" href="$classSingleCommand.html" title="Single command device." alt="" coords="523,493,637,521">
<area shape="rect" id="node67" href="$classTelnetConnection.html" title="Telnet connection input/output device." alt="" coords="520,543,640,571">
<area shape="rect" id="node75" href="$classHelp.html" title="Help container class." alt="" coords="363,505,411,533">
<area shape="rect" id="node83" title="Trace class + show flag aggregation." alt="" coords="308,562,465,590">
