<area shape="rect" id="node7" href="$classConsole.html" title="Console intput/output device class." alt="" coords="5,238,72,266">
<area shape="rect" id="node9" href="$classInputFileDevice.html" title="Input file device class." alt="" coords="96,238,203,266">
<area shape="rect" id="node11" href="$classIOMux.html" title="Input / output device multiplexer." alt="" coords="227,238,285,266">
<area shape="rect" id="node13" href="$classMonoThreadDevice.html" title="Mono&#45;Thread input device." alt="" coords="309,238,440,266">
<area shape="rect" id="node15" href="$classSingleCommand.html" title="Single command device." alt="" coords="464,238,579,266">
<area shape="rect" id="node17" href="$classTelnetConnection.html" title="Telnet connection input/output device." alt="" coords="603,238,723,266">
<area shape="rect" id="node2" href="$classOutputDevice.html" title="Generic output device." alt="" coords="265,83,364,111">
<area shape="rect" id="node4" href="$classObject.html" title="Generic object." alt="" coords="285,6,344,34">
